// Jest Snapshot v1, https://goo.gl/fbAQLP

exports[`Probando <GiftExpertApp/>  1`] = `
<div>
  <h1>
    GiftExpertApp
  </h1>
  <form
    aria-label="form"
  >
    <input
      placeholder="Buscar Gifs"
      type="text"
      value=""
    />
  </form>
</div>
`;

exports[`Probando <GiftExpertApp/> debe hacer match con el snapshot 1`] = `
<div>
  <h1>
    GiftExpertApp
  </h1>
  <form
    aria-label="form"
  >
    <input
      placeholder="Buscar Gifs"
      type="text"
      value=""
    />
  </form>
</div>
`;
